01-Jan-2015 09:00,ERROR: Application had an error
